Last login: Sun Aug 10 21:53:41 on ttys000
katyaynirajput@Katyaynis-MacBook-Air ~ % git --version
git version 2.39.5 (Apple Git-154)
katyaynirajput@Katyaynis-MacBook-Air ~ % git config --global user.name "Katyayni-29"
katyaynirajput@Katyaynis-MacBook-Air ~ % git config --global user.email "katyaynirajput@gmail.com"
katyaynirajput@Katyaynis-MacBook-Air ~ % git config --global --list
filter.lfs.clean=git-lfs clean -- %f
filter.lfs.smudge=git-lfs smudge -- %f
filter.lfs.process=git-lfs filter-process
filter.lfs.required=true
user.name=Katyayni-29
user.email=katyaynirajput@gmail.com
pull.rebase=false
core.editor=nano
katyaynirajput@Katyaynis-MacBook-Air ~ % git config --global core.editor "code --wait"
katyaynirajput@Katyaynis-MacBook-Air ~ % git config --global -e
hint: Waiting for your editor to close the file... 
Last login: Sun Aug 10 21:54:56 on ttys000
katyaynirajput@Katyaynis-MacBook-Air ~ % cd ~/Desktop
katyaynirajput@Katyaynis-MacBook-Air Desktop % mkdir GitDemo
katyaynirajput@Katyaynis-MacBook-Air Desktop % cd GitDemo
katyaynirajput@Katyaynis-MacBook-Air GitDemo % git init
Initialized empty Git repository in /Users/katyaynirajput/Desktop/GitDemo/.git/
katyaynirajput@Katyaynis-MacBook-Air GitDemo % ls -a
.	..	.git
katyaynirajput@Katyaynis-MacBook-Air GitDemo % git remote add origin https://github.com/Katyayni-29/GitDemo.git
katyaynirajput@Katyaynis-MacBook-Air GitDemo % git branch -M main
katyaynirajput@Katyaynis-MacBook-Air GitDemo % echo "Welcome to GitDemo" > welcome.txt
katyaynirajput@Katyaynis-MacBook-Air GitDemo % git add welcome.txt
katyaynirajput@Katyaynis-MacBook-Air GitDemo % git commit -m "Initial commit"
[main (root-commit) acc6226] Initial commit
 1 file changed, 1 insertion(+)
 create mode 100644 welcome.txt
katyaynirajput@Katyaynis-MacBook-Air GitDemo % git push -u origin main
Enumerating objects: 3, done.
Counting objects: 100% (3/3), done.
Writing objects: 100% (3/3), 241 bytes | 241.00 KiB/s, done.
Total 3 (delta 0), reused 0 (delta 0), pack-reused 0
To https://github.com/Katyayni-29/GitDemo.git
 * [new branch]      main -> main
branch 'main' set up to track 'origin/main'.
katyaynirajput@Katyaynis-MacBook-Air GitDemo % cd ~/Desktop/GitDemo
katyaynirajput@Katyaynis-MacBook-Air GitDemo % echo "This is a log file" > error.log
katyaynirajput@Katyaynis-MacBook-Air GitDemo % mkdir log
katyaynirajput@Katyaynis-MacBook-Air GitDemo % echo "Log entry" > log/app.log
katyaynirajput@Katyaynis-MacBook-Air GitDemo % touch .gitignore
katyaynirajput@Katyaynis-MacBook-Air GitDemo % code .gitignore
katyaynirajput@Katyaynis-MacBook-Air GitDemo % # Ignore all .log files
zsh: command not found: #
katyaynirajput@Katyaynis-MacBook-Air GitDemo % # Ignore all .log files
*.log

# Ignore the log folder
log/
zsh: command not found: #
zsh: command not found: error.log
zsh: command not found: #
zsh: permission denied: log/
katyaynirajput@Katyaynis-MacBook-Air GitDemo % git status
On branch main
Your branch is up to date with 'origin/main'.

Untracked files:
  (use "git add <file>..." to include in what will be committed)
	.gitignore

nothing added to commit but untracked files present (use "git add" to track)
katyaynirajput@Katyaynis-MacBook-Air GitDemo % git add .gitignore
katyaynirajput@Katyaynis-MacBook-Air GitDemo % git commit -m "Add .gitignore to ignore .log files and log folder"
[main b628370] Add .gitignore to ignore .log files and log folder
 1 file changed, 5 insertions(+)
 create mode 100644 .gitignore
katyaynirajput@Katyaynis-MacBook-Air GitDemo % git push
Enumerating objects: 4, done.
Counting objects: 100% (4/4), done.
Delta compression using up to 8 threads
Compressing objects: 100% (3/3), done.
Writing objects: 100% (3/3), 353 bytes | 353.00 KiB/s, done.
Total 3 (delta 0), reused 0 (delta 0), pack-reused 0
To https://github.com/Katyayni-29/GitDemo.git
   acc6226..b628370  main -> main
katyaynirajput@Katyaynis-MacBook-Air GitDemo % echo "Another log" > debug.log
katyaynirajput@Katyaynis-MacBook-Air GitDemo % git status
On branch main
Your branch is up to date with 'origin/main'.

nothing to commit, working tree clean
katyaynirajput@Katyaynis-MacBook-Air GitDemo % cd ~/Desktop/GitDemo
katyaynirajput@Katyaynis-MacBook-Air GitDemo % git branch GitNewBranch
katyaynirajput@Katyaynis-MacBook-Air GitDemo % git branch
  GitNewBranch
* main
katyaynirajput@Katyaynis-MacBook-Air GitDemo % git branch -a
  GitNewBranch
* main
  remotes/origin/main
katyaynirajput@Katyaynis-MacBook-Air GitDemo % git checkout GitNewBranch
Switched to branch 'GitNewBranch'
katyaynirajput@Katyaynis-MacBook-Air GitDemo % echo "This is a new branch file" > branchfile.txt
katyaynirajput@Katyaynis-MacBook-Air GitDemo % git add branchfile.txt
katyaynirajput@Katyaynis-MacBook-Air GitDemo % 
git commit -m "Add branchfile.txt in GitNewBranch"
[GitNewBranch 5b3655f] Add branchfile.txt in GitNewBranch
 1 file changed, 1 insertion(+)
 create mode 100644 branchfile.txt
katyaynirajput@Katyaynis-MacBook-Air GitDemo % git status
On branch GitNewBranch
nothing to commit, working tree clean
katyaynirajput@Katyaynis-MacBook-Air GitDemo % git checkout main
Switched to branch 'main'
Your branch is up to date with 'origin/main'.
katyaynirajput@Katyaynis-MacBook-Air GitDemo % git diff main GitNewBranch
diff --git a/branchfile.txt b/branchfile.txt
new file mode 100644
index 0000000..24e7e87
--- /dev/null
+++ b/branchfile.txt
@@ -0,0 +1 @@
+This is a new branch file
katyaynirajput@Katyaynis-MacBook-Air GitDemo % code --diff branchfile.txt branchfile.txt
katyaynirajput@Katyaynis-MacBook-Air GitDemo % git merge GitNewBranch
Updating b628370..5b3655f
Fast-forward
 branchfile.txt | 1 +
 1 file changed, 1 insertion(+)
 create mode 100644 branchfile.txt
katyaynirajput@Katyaynis-MacBook-Air GitDemo % git log --oneline --graph --decorate
* 5b3655f (HEAD -> main, GitNewBranch) Add branchfile.txt in GitNewBranch
* b628370 (origin/main) Add .gitignore to ignore .log files and log folder
* acc6226 Initial commit
katyaynirajput@Katyaynis-MacBook-Air GitDemo % git log --oneline --graph --decorate
* 5b3655f (HEAD -> main, GitNewBranch) Add branchfile.txt in GitNewBranch
* b628370 (origin/main) Add .gitignore to ignore .log files and log folder
* acc6226 Initial commit
katyaynirajput@Katyaynis-MacBook-Air GitDemo % git branch -d GitNewBranch
Deleted branch GitNewBranch (was 5b3655f).
katyaynirajput@Katyaynis-MacBook-Air GitDemo % cd ~/Desktop/GitDemo
katyaynirajput@Katyaynis-MacBook-Air GitDemo % git checkout main
M	branchfile.txt
Already on 'main'
Your branch is ahead of 'origin/main' by 1 commit.
  (use "git push" to publish your local commits)
katyaynirajput@Katyaynis-MacBook-Air GitDemo % git status
On branch main
Your branch is ahead of 'origin/main' by 1 commit.
  (use "git push" to publish your local commits)

Changes not staged for commit:
  (use "git add <file>..." to update what will be committed)
  (use "git restore <file>..." to discard changes in working directory)
	modified:   branchfile.txt

no changes added to commit (use "git add" and/or "git commit -a")
katyaynirajput@Katyaynis-MacBook-Air GitDemo % git add branchfile.txt
katyaynirajput@Katyaynis-MacBook-Air GitDemo % git commit -m "Update branchfile.txt in main"
[main a31bf0d] Update branchfile.txt in main
 1 file changed, 1 deletion(-)
katyaynirajput@Katyaynis-MacBook-Air GitDemo % git restore branchfile.txt
katyaynirajput@Katyaynis-MacBook-Air GitDemo % git status
On branch main
Your branch is ahead of 'origin/main' by 2 commits.
  (use "git push" to publish your local commits)

nothing to commit, working tree clean
katyaynirajput@Katyaynis-MacBook-Air GitDemo % git checkout -b GitWork
Switched to a new branch 'GitWork'
katyaynirajput@Katyaynis-MacBook-Air GitDemo % echo "<greeting>Hello from branch</greeting>" > hello.xml
katyaynirajput@Katyaynis-MacBook-Air GitDemo % git add hello.xml
katyaynirajput@Katyaynis-MacBook-Air GitDemo % git commit -m "Add hello.xml in GitWork"
[GitWork 1866ea0] Add hello.xml in GitWork
 1 file changed, 1 insertion(+)
 create mode 100644 hello.xml
katyaynirajput@Katyaynis-MacBook-Air GitDemo % echo "<greeting>Hello from GitWork branch - updated</greeting>" > hello.xml
katyaynirajput@Katyaynis-MacBook-Air GitDemo % git status
On branch GitWork
Changes not staged for commit:
  (use "git add <file>..." to update what will be committed)
  (use "git restore <file>..." to discard changes in working directory)
	modified:   hello.xml

no changes added to commit (use "git add" and/or "git commit -a")
katyaynirajput@Katyaynis-MacBook-Air GitDemo % git add hello.xml
katyaynirajput@Katyaynis-MacBook-Air GitDemo % git commit -m "Update hello.xml in GitWork"
[GitWork 43a028f] Update hello.xml in GitWork
 1 file changed, 1 insertion(+), 1 deletion(-)
katyaynirajput@Katyaynis-MacBook-Air GitDemo % git checkout main
Switched to branch 'main'
Your branch is ahead of 'origin/main' by 2 commits.
  (use "git push" to publish your local commits)
katyaynirajput@Katyaynis-MacBook-Air GitDemo % echo "<greeting>Hello from main branch</greeting>" > hello.xml
katyaynirajput@Katyaynis-MacBook-Air GitDemo % git add hello.xml
katyaynirajput@Katyaynis-MacBook-Air GitDemo % git commit -m "Add hello.xml in main"
[main aba49dd] Add hello.xml in main
 1 file changed, 1 insertion(+)
 create mode 100644 hello.xml
katyaynirajput@Katyaynis-MacBook-Air GitDemo % git log --oneline --graph --decorate --all
* aba49dd (HEAD -> main) Add hello.xml in main
| * 43a028f (GitWork) Update hello.xml in GitWork
| * 1866ea0 Add hello.xml in GitWork
|/  
* a31bf0d Update branchfile.txt in main
* 5b3655f Add branchfile.txt in GitNewBranch
* b628370 (origin/main) Add .gitignore to ignore .log files and log folder
* acc6226 Initial commit
katyaynirajput@Katyaynis-MacBook-Air GitDemo % git diff main GitWork
diff --git a/hello.xml b/hello.xml
index 13963bc..437ce01 100644
--- a/hello.xml
+++ b/hello.xml
@@ -1 +1 @@
-<greeting>Hello from main branch</greeting>
+<greeting>Hello from GitWork branch - updated</greeting>
katyaynirajput@Katyaynis-MacBook-Air GitDemo % code --diff hello.xml hello.xml
katyaynirajput@Katyaynis-MacBook-Air GitDemo % git merge GitWork
Auto-merging hello.xml
CONFLICT (add/add): Merge conflict in hello.xml
Automatic merge failed; fix conflicts and then commit the result.
katyaynirajput@Katyaynis-MacBook-Air GitDemo % code hello.xml
katyaynirajput@Katyaynis-MacBook-Air GitDemo % git add hello.xml
katyaynirajput@Katyaynis-MacBook-Air GitDemo % git commit -m "Resolve merge conflict between main and GitWork"
[main 6e83090] Resolve merge conflict between main and GitWork
katyaynirajput@Katyaynis-MacBook-Air GitDemo % echo "*.orig" >> .gitignore
katyaynirajput@Katyaynis-MacBook-Air GitDemo % git add .gitignore
katyaynirajput@Katyaynis-MacBook-Air GitDemo % git commit -m "Ignore merge backup files"
[main 929f8c0] Ignore merge backup files
 1 file changed, 1 insertion(+), 1 deletion(-)
katyaynirajput@Katyaynis-MacBook-Air GitDemo % git branch -d GitWork
Deleted branch GitWork (was 43a028f).
katyaynirajput@Katyaynis-MacBook-Air GitDemo % git log --oneline --graph --decorate
* 929f8c0 (HEAD -> main) Ignore merge backup files
*   6e83090 Resolve merge conflict between main and GitWork
|\  
| * 43a028f Update hello.xml in GitWork
| * 1866ea0 Add hello.xml in GitWork
* | aba49dd Add hello.xml in main
|/  
* a31bf0d Update branchfile.txt in main
* 5b3655f Add branchfile.txt in GitNewBranch
* b628370 (origin/main) Add .gitignore to ignore .log files and log folder
* acc6226 Initial commit
katyaynirajput@Katyaynis-MacBook-Air GitDemo % cd ~/Desktop/GitDemo
katyaynirajput@Katyaynis-MacBook-Air GitDemo % git checkout main
Already on 'main'
Your branch is ahead of 'origin/main' by 7 commits.
  (use "git push" to publish your local commits)
katyaynirajput@Katyaynis-MacBook-Air GitDemo % git status
On branch main
Your branch is ahead of 'origin/main' by 7 commits.
  (use "git push" to publish your local commits)

nothing to commit, working tree clean
katyaynirajput@Katyaynis-MacBook-Air GitDemo % git branch -a
* main
  remotes/origin/main
katyaynirajput@Katyaynis-MacBook-Air GitDemo % git pull origin main
From https://github.com/Katyayni-29/GitDemo
 * branch            main       -> FETCH_HEAD
Already up to date.
katyaynirajput@Katyaynis-MacBook-Air GitDemo % git push origin main
Enumerating objects: 23, done.
Counting objects: 100% (23/23), done.
Delta compression using up to 8 threads
Compressing objects: 100% (17/17), done.
Writing objects: 100% (21/21), 2.03 KiB | 2.03 MiB/s, done.
Total 21 (delta 6), reused 0 (delta 0), pack-reused 0
remote: Resolving deltas: 100% (6/6), completed with 1 local object.
To https://github.com/Katyayni-29/GitDemo.git
   b628370..929f8c0  main -> main
katyaynirajput@Katyaynis-MacBook-Air GitDemo % script terminal_session.txt
Script started, output file is terminal_session.txt
katyaynirajput@Katyaynis-MacBook-Air GitDemo % exit

Saving session...
...copying shared history...
...saving history...truncating history files...
...completed.

Script done, output file is terminal_session.txt
katyaynirajput@Katyaynis-MacBook-Air GitDemo % mv terminal_session.txt ~/Desktop/GitDemo/
mv: terminal_session.txt and /Users/katyaynirajput/Desktop/GitDemo/terminal_session.txt are identical
katyaynirajput@Katyaynis-MacBook-Air GitDemo % cd ~/Desktop/GitDemo
katyaynirajput@Katyaynis-MacBook-Air GitDemo % git add terminal_session.txt
katyaynirajput@Katyaynis-MacBook-Air GitDemo % git commit -m "Add terminal session log"
[main a31488c] Add terminal session log
 1 file changed, 9 insertions(+)
 create mode 100644 terminal_session.txt
katyaynirajput@Katyaynis-MacBook-Air GitDemo % git push origin main
Enumerating objects: 4, done.
Counting objects: 100% (4/4), done.
Delta compression using up to 8 threads
Compressing objects: 100% (3/3), done.
Writing objects: 100% (3/3), 554 bytes | 554.00 KiB/s, done.
Total 3 (delta 1), reused 0 (delta 0), pack-reused 0
remote: Resolving deltas: 100% (1/1), completed with 1 local object.
To https://github.com/Katyayni-29/GitDemo.git
   929f8c0..a31488c  main -> main
katyaynirajput@Katyaynis-MacBook-Air GitDemo % 

